###############################################################################
#
# IAR ELF Linker V7.30.3.8024/W32 for ARM                 11/Jul/2018  08:46:24
# Copyright 2007-2014 IAR Systems AB.
#
#    Output file  =  
#        F:\hm\项目\8517_SONY\code\8517串口抓码
#        stm32f051\app\EWARM\MK_A9_FreeRtos\Exe\MK_A9_FreeRtos.out
#    Map file     =  
#        F:\hm\项目\8517_SONY\code\8517串口抓码
#        stm32f051\app\EWARM\MK_A9_FreeRtos/List\MK_A9_FreeRtos.map
#    Command line =  
#        "F:\hm\项目\8517_SONY\code\8517串口抓码
#        stm32f051\app\EWARM\MK_A9_FreeRtos\Obj\coding_switch.o"
#        "F:\hm\项目\8517_SONY\code\8517串口抓码
#        stm32f051\app\EWARM\MK_A9_FreeRtos\Obj\coding_switch2.o"
#        "F:\hm\项目\8517_SONY\code\8517串口抓码
#        stm32f051\app\EWARM\MK_A9_FreeRtos\Obj\communication_code.o"
#        "F:\hm\项目\8517_SONY\code\8517串口抓码
#        stm32f051\app\EWARM\MK_A9_FreeRtos\Obj\dma.o"
#        "F:\hm\项目\8517_SONY\code\8517串口抓码
#        stm32f051\app\EWARM\MK_A9_FreeRtos\Obj\flash.o"
#        "F:\hm\项目\8517_SONY\code\8517串口抓码
#        stm32f051\app\EWARM\MK_A9_FreeRtos\Obj\Gcode.o"
#        "F:\hm\项目\8517_SONY\code\8517串口抓码
#        stm32f051\app\EWARM\MK_A9_FreeRtos\Obj\gpio.o"
#        "F:\hm\项目\8517_SONY\code\8517串口抓码
#        stm32f051\app\EWARM\MK_A9_FreeRtos\Obj\gpio_spi.o"
#        "F:\hm\项目\8517_SONY\code\8517串口抓码 stm32f051\app\lib\HAL_Lib.a"
#        "F:\hm\项目\8517_SONY\code\8517串口抓码
#        stm32f051\app\EWARM\MK_A9_FreeRtos\Obj\iwdg.o"
#        "F:\hm\项目\8517_SONY\code\8517串口抓码
#        stm32f051\app\EWARM\MK_A9_FreeRtos\Obj\key_Process.o"
#        "F:\hm\项目\8517_SONY\code\8517串口抓码
#        stm32f051\app\EWARM\MK_A9_FreeRtos\Obj\main.o"
#        "F:\hm\项目\8517_SONY\code\8517串口抓码
#        stm32f051\app\EWARM\MK_A9_FreeRtos\Obj\MK_A9.o"
#        "F:\hm\项目\8517_SONY\code\8517串口抓码
#        stm32f051\app\EWARM\MK_A9_FreeRtos\Obj\protocol.o"
#        "F:\hm\项目\8517_SONY\code\8517串口抓码
#        stm32f051\app\EWARM\MK_A9_FreeRtos\Obj\rtc.o"
#        "F:\hm\项目\8517_SONY\code\8517串口抓码
#        stm32f051\app\EWARM\MK_A9_FreeRtos\Obj\spi.o"
#        "F:\hm\项目\8517_SONY\code\8517串口抓码
#        stm32f051\app\EWARM\MK_A9_FreeRtos\Obj\startup_stm32f051x8.o"
#        "F:\hm\项目\8517_SONY\code\8517串口抓码
#        stm32f051\app\EWARM\MK_A9_FreeRtos\Obj\stm32f0xx_hal.o"
#        "F:\hm\项目\8517_SONY\code\8517串口抓码
#        stm32f051\app\EWARM\MK_A9_FreeRtos\Obj\stm32f0xx_hal_msp.o"
#        "F:\hm\项目\8517_SONY\code\8517串口抓码
#        stm32f051\app\EWARM\MK_A9_FreeRtos\Obj\stm32f0xx_hal_timebase_TIM.o"
#        "F:\hm\项目\8517_SONY\code\8517串口抓码
#        stm32f051\app\EWARM\MK_A9_FreeRtos\Obj\stm32f0xx_it.o"
#        "F:\hm\项目\8517_SONY\code\8517串口抓码
#        stm32f051\app\EWARM\MK_A9_FreeRtos\Obj\stm32f0xx_lp_modes.o"
#        "F:\hm\项目\8517_SONY\code\8517串口抓码
#        stm32f051\app\EWARM\MK_A9_FreeRtos\Obj\system_stm32f0xx.o"
#        "F:\hm\项目\8517_SONY\code\8517串口抓码
#        stm32f051\app\EWARM\MK_A9_FreeRtos\Obj\usart.o"
#        "F:\hm\项目\8517_SONY\code\8517串口抓码
#        stm32f051\app\EWARM\MK_A9_FreeRtos\Obj\usr_stdlib.o"
#        "F:\hm\项目\8517_SONY\code\8517串口抓码
#        stm32f051\app\EWARM\MK_A9_FreeRtos\Obj\usr_uart_dma.o"
#        "F:\hm\项目\8517_SONY\code\8517串口抓码
#        stm32f051\app\EWARM\MK_A9_FreeRtos\Obj\usr_usart.o" --redirect
#        _Printf=_PrintfFull --redirect _Scanf=_ScanfFull -o
#        "F:\hm\项目\8517_SONY\code\8517串口抓码
#        stm32f051\app\EWARM\MK_A9_FreeRtos\Exe\MK_A9_FreeRtos.out" --map
#        "F:\hm\项目\8517_SONY\code\8517串口抓码
#        stm32f051\app\EWARM\MK_A9_FreeRtos/List\MK_A9_FreeRtos.map" --config
#        "F:\hm\项目\8517_SONY\code\8517串口抓码
#        stm32f051\app\EWARM/stm32f051x8_flash.icf" --semihosting --entry
#        __iar_program_start --vfe
#
###############################################################################

*******************************************************************************
*** RUNTIME MODEL ATTRIBUTES
***

CppFlavor                     = *
__Heap_Handler                = Basic
__SystemLibrary               = DLib
__dlib_dynamic_initialization = normal


*******************************************************************************
*** PLACEMENT SUMMARY
***

"A1":  place at 0x08000000 { ro section .intvec };
"P1":  place in [from 0x08000000 to 0x0800ffff] { ro };
"P2":  place in [from 0x20000000 to 0x20001fff] { rw, block CSTACK, block HEAP };

  Section             Kind        Address    Size  Object
  -------             ----        -------    ----  ------
"A1":                                        0xbc
  .intvec             ro code  0x08000000    0xbc  startup_stm32f051x8.o [1]
                             - 0x080000bc    0xbc

"P1":                                      0x5a7b
  .text               ro code  0x080000bc  0x12c2  xprintffull.o [4]
  .text               ro code  0x0800137e    0x1c  xmbtowc.o [4]
  .text               ro code  0x0800139a    0x14  strchr.o [6]
  .text               ro code  0x080013ae    0x10  strlen.o [6]
  .text               ro code  0x080013be    0x18  memchr.o [6]
  .text               ro code  0x080013d6     0xa  xmbcurmax.o [4]
  .text               ro code  0x080013e0    0xb8  xxmemxmalloc.o [4]
  .text               ro code  0x08001498    0x18  xwctomb.o [4]
  .text               ro code  0x080014b0    0x5c  ABImemcpy.o [6]
  .text               ro code  0x0800150c    0x88  xxmemxfree.o [4]
  .text               ro code  0x08001594    0x6a  I64DivMod.o [6]
  .text               ro code  0x080015fe    0x44  xdnorm.o [5]
  .text               ro code  0x08001642    0x32  DblCmpLe.o [5]
  .text               ro code  0x08001674    0x32  DblCmpGe.o [5]
  .text               ro code  0x080016a6    0x2a  zero_init3.o [6]
  .text               ro code  0x080016d0   0x11c  xdscale.o [5]
  .text               ro code  0x080017ec    0x52  DblToI32.o [5]
  .text               ro code  0x0800183e     0xa  xsprout.o [4]
  .text               ro code  0x08001848    0x34  I32ToDbl.o [5]
  .text               ro code  0x0800187c   0x1a8  DblAddSub.o [5]
  .text               ro code  0x08001a24    0xe0  I32DivModFast.o [6]
  .text               ro code  0x08001b04   0x184  DblMul.o [5]
  .text               ro code  0x08001c88    0xc2  DblDiv.o [5]
  .text               ro code  0x08001d4a     0x2  startup_stm32f051x8.o [1]
  .text               ro code  0x08001d4c    0x68  localeconv.o [4]
  .text               ro code  0x08001db4    0x20  div.o [4]
  .text               ro code  0x08001dd4    0x14  setlocale.o [4]
  .text               ro code  0x08001de8    0x50  xencoding_sb.o [4]
  .text               ro code  0x08001e38    0x2c  xgetmemchunk.o [4]
  .text               ro code  0x08001e64     0x2  I64DivZer.o [6]
  .text               ro code  0x08001e66     0x2  startup_stm32f051x8.o [1]
  .text               ro code  0x08001e68     0x2  IntDivZer.o [6]
  .text               ro code  0x08001e6a     0x2  xtls.o [4]
  .text               ro code  0x08001e6c   0x8bc  communication_code.o [1]
  .text               ro code  0x08002728    0x24  printf.o [4]
  .text               ro code  0x0800274c    0x38  sprintf.o [4]
  .text               ro code  0x08002784    0xf0  usr_uart_dma.o [1]
  .text               ro code  0x08002874    0x4c  ABImemset.o [6]
  .text               ro code  0x080028c0    0x54  stm32f0xx_hal.o [1]
  .text               ro code  0x08002914   0x778  stm32f0xx_hal_uart.o [3]
  .text               ro code  0x0800308c    0x78  stm32f0xx_hal_timebase_TIM.o [1]
  .text               ro code  0x08003104    0x40  stm32f0xx_hal_msp.o [1]
  .text               ro code  0x08003144   0x1f8  usart.o [1]
  .text               ro code  0x0800333c   0x244  stm32f0xx_hal_dma.o [3]
  .text               ro code  0x08003580     0x2  stm32f0xx_hal_uart_ex.o [3]
  .text               ro code  0x08003582     0x2  startup_stm32f051x8.o [1]
  .text               ro code  0x08003584   0x604  stm32f0xx_hal_rcc.o [3]
  .text               ro code  0x08003b88    0xa2  stm32f0xx_hal_cortex.o [3]
  .text               ro code  0x08003c2a     0x2  startup_stm32f051x8.o [1]
  .text               ro code  0x08003c2c   0x240  stm32f0xx_hal_tim.o [3]
  .text               ro code  0x08003e6c    0xe6  main.o [1]
  .text               ro code  0x08003f52     0x2  startup_stm32f051x8.o [1]
  .text               ro code  0x08003f54    0xa2  stm32f0xx_ll_gpio.o [3]
  .text               ro code  0x08003ff6     0x2  startup_stm32f051x8.o [1]
  .text               ro code  0x08003ff8    0xb4  stm32f0xx_ll_usart.o [3]
  .text               ro code  0x080040ac   0x198  stm32f0xx_hal_gpio.o [3]
  .text               ro code  0x08004244     0x4  stm32f0xx_hal_tim_ex.o [3]
  .text               ro code  0x08004248   0x318  gpio.o [1]
  .text               ro code  0x08004560    0x2c  dma.o [1]
  .text               ro code  0x0800458c    0xb4  rtc.o [1]
  .text               ro code  0x08004640    0xf4  spi.o [1]
  .text               ro code  0x08004734    0x8c  MK_A9.o [1]
  .text               ro code  0x080047c0   0x16c  stm32f0xx_lp_modes.o [1]
  .text               ro code  0x0800492c   0x10c  stm32f0xx_hal_rcc_ex.o [3]
  .text               ro code  0x08004a38    0xf8  stm32f0xx_ll_rcc.o [3]
  .text               ro code  0x08004b30    0xc4  stm32f0xx_ll_exti.o [3]
  .text               ro code  0x08004bf4   0x11c  stm32f0xx_hal_rtc.o [3]
  .text               ro code  0x08004d10    0xbc  stm32f0xx_hal_spi.o [3]
  .text               ro code  0x08004dcc     0x2  gpio_spi.o [1]
  .text               ro code  0x08004dce     0x2  startup_stm32f051x8.o [1]
  .text               ro code  0x08004dd0   0x374  protocol.o [1]
  .text               ro code  0x08005144    0x38  stm32f0xx_hal_pwr.o [3]
  .text               ro code  0x0800517c   0x380  Gcode.o [1]
  .text               ro code  0x080054fc    0x24  DblCmpEq.o [5]
  .text               ro code  0x08005520   0x100  stm32f0xx_it.o [1]
  .text               ro code  0x08005620    0xbc  usr_usart.o [1]
  .text               ro code  0x080056dc    0xd8  packbits_init.o [6]
  .text               ro code  0x080057b4     0xa  abort.o [4]
  .text               ro code  0x080057be     0x2  startup_stm32f051x8.o [1]
  .text               ro code  0x080057c0    0x14  exit.o [7]
  .rodata             const    0x080057d4    0x98  communication_code.o [1]
  .text               ro code  0x0800586c    0x70  system_stm32f0xx.o [1]
  .rodata             const    0x080058dc    0x28  xprintffull.o [4]
  .text               ro code  0x08005904    0x28  data_init.o [6]
  .iar.init_table     const    0x0800592c    0x2c  - Linker created -
  .text               ro code  0x08005958    0x1a  cmain.o [6]
  .text               ro code  0x08005972     0x4  low_level_init.o [4]
  .text               ro code  0x08005976     0x8  exit.o [4]
  .text               ro code  0x0800597e     0x2  startup_stm32f051x8.o [1]
  .text               ro code  0x08005980     0xa  cexit.o [6]
  .text               ro code  0x0800598a    0x16  xprout.o [4]
  .text               ro code  0x080059a0    0x10  putchar.o [4]
  .rodata             const    0x080059b0    0x14  protocol.o [1]
  .text               ro code  0x080059c4    0x10  startup_stm32f051x8.o [1]
  .text               ro code  0x080059d4     0xc  cstartup_M.o [6]
  .rodata             const    0x080059e0     0x8  system_stm32f0xx.o [1]
  .text               ro code  0x080059e8     0x2  startup_stm32f051x8.o [1]
  .text               ro code  0x080059ea     0x2  startup_stm32f051x8.o [1]
  .text               ro code  0x080059ec     0x2  startup_stm32f051x8.o [1]
  .text               ro code  0x080059ee     0x2  startup_stm32f051x8.o [1]
  .text               ro code  0x080059f0     0x2  startup_stm32f051x8.o [1]
  .text               ro code  0x080059f2     0x2  startup_stm32f051x8.o [1]
  .text               ro code  0x080059f4     0x2  startup_stm32f051x8.o [1]
  .text               ro code  0x080059f6     0x2  startup_stm32f051x8.o [1]
  .text               ro code  0x080059f8     0x2  startup_stm32f051x8.o [1]
  .text               ro code  0x080059fa     0x2  startup_stm32f051x8.o [1]
  .text               ro code  0x080059fc     0x2  startup_stm32f051x8.o [1]
  .text               ro code  0x080059fe     0x2  startup_stm32f051x8.o [1]
  .text               ro code  0x08005a00     0x2  startup_stm32f051x8.o [1]
  .text               ro code  0x08005a02     0x2  startup_stm32f051x8.o [1]
  .rodata             const    0x08005a04     0x0  zero_init3.o [6]
  .rodata             const    0x08005a04     0x0  packbits_init.o [6]
  Initializer bytes   ro data  0x08005a04   0x133  <for P2 s0>
                             - 0x08005b37  0x5a7b

"P2":                                      0x1c70
  P2 s0                        0x20000000   0x240  <Init block>
    .data             inited   0x20000000    0xb8  communication_code.o [1]
    __DLIB_PERTHREAD  inited   0x200000b8    0x88  localeconv.o [4]
    __DLIB_PERTHREAD  inited   0x20000140    0x74  setlocale.o [4]
    .data             inited   0x200001b4    0x48  protocol.o [1]
    .data             inited   0x200001fc    0x40  xfiles.o [4]
    .data             inited   0x2000023c     0x4  system_stm32f0xx.o [1]
  .bss                zero     0x20000240   0xfa0  usr_uart_dma.o [1]
  .bss                zero     0x200011e0    0xce  usr_usart.o [1]
  .bss                zero     0x200012ae     0x2  main.o [1]
  .bss                zero     0x200012b0    0xa4  communication_code.o [1]
  .bss                zero     0x20001354    0x80  usr_usart.o [1]
  .bss                zero     0x200013d4    0x70  usart.o [1]
  .bss                zero     0x20001444    0x64  spi.o [1]
  .bss                zero     0x200014a8    0x58  usr_uart_dma.o [1]
  .bss                zero     0x20001500    0x50  usr_uart_dma.o [1]
  .bss                zero     0x20001550    0x50  xfiles.o [4]
  .bss                zero     0x200015a0    0x44  usart.o [1]
  .bss                zero     0x200015e4    0x40  stm32f0xx_hal_timebase_TIM.o [1]
  .bss                zero     0x20001624    0x20  rtc.o [1]
  .bss                zero     0x20001644     0xc  Gcode.o [1]
  .bss                zero     0x20001650     0x8  communication_code.o [1]
  .bss                zero     0x20001658     0x8  xxmemxmalloc.o [4]
  .bss                zero     0x20001660     0x4  main.o [1]
  .bss                zero     0x20001664     0x4  stm32f0xx_hal.o [1]
  .bss                zero     0x20001668     0x4  xgetmemchunk.o [4]
  .bss                zero     0x2000166c     0x2  usr_usart.o [1]
  .bss                zero     0x2000166e     0x1  protocol.o [1]
  .bss                zero     0x2000166f     0x1  usr_usart.o [1]
  CSTACK                       0x20001670   0x400  <Block>
    CSTACK            uninit   0x20001670   0x400  <Block tail>
  HEAP                         0x20001a70   0x200  <Block>
    HEAP              uninit   0x20001a70   0x200  <Block tail>
                             - 0x20001c70  0x1c70


*******************************************************************************
*** INIT TABLE
***

          Address     Size
          -------     ----
Zero (__iar_zero_init3)
    1 destination range, total size 0x1430:
          0x20000240  0x1430

Copy/packbits (__iar_packbits_init3)
    1 source range, total size 0x133 (53% of destination):
          0x08005a04   0x133
    1 destination range, total size 0x240:
          0x20000000   0x240



*******************************************************************************
*** MODULE SUMMARY
***

    Module                        ro code  ro data  rw data
    ------                        -------  -------  -------
F:\hm\项目\8517_SONY\code\8517串口抓码 stm32f051\app\EWARM\MK_A9_FreeRtos\Obj: [1]
    Gcode.o                           896                12
    MK_A9.o                           140
    communication_code.o            2 236      250      356
    dma.o                              44
    gpio.o                            792
    gpio_spi.o                          2
    main.o                            230                 6
    protocol.o                        884       58       73
    rtc.o                             180                32
    spi.o                             244               100
    startup_stm32f051x8.o             250
    stm32f0xx_hal.o                    84                 4
    stm32f0xx_hal_msp.o                64
    stm32f0xx_hal_timebase_TIM.o      120                64
    stm32f0xx_it.o                    256
    stm32f0xx_lp_modes.o              364
    system_stm32f0xx.o                112       11        4
    usart.o                           504               180
    usr_uart_dma.o                    240             4 168
    usr_usart.o                       188               337
    -------------------------------------------------------
    Total:                          7 830      319    5 336

command line: [2]
    -------------------------------------------------------
    Total:

HAL_Lib.a: [3]
    stm32f0xx_hal_cortex.o            162
    stm32f0xx_hal_dma.o               580
    stm32f0xx_hal_gpio.o              408
    stm32f0xx_hal_pwr.o                56
    stm32f0xx_hal_rcc.o             1 540
    stm32f0xx_hal_rcc_ex.o            268
    stm32f0xx_hal_rtc.o               284
    stm32f0xx_hal_spi.o               188
    stm32f0xx_hal_tim.o               576
    stm32f0xx_hal_tim_ex.o              4
    stm32f0xx_hal_uart.o            1 912
    stm32f0xx_hal_uart_ex.o             2
    stm32f0xx_ll_exti.o               196
    stm32f0xx_ll_gpio.o               162
    stm32f0xx_ll_rcc.o                248
    stm32f0xx_ll_usart.o              180
    -------------------------------------------------------
    Total:                          6 766

dl6M_tlf.a: [4]
    abort.o                            10
    div.o                              32
    exit.o                              8
    localeconv.o                      104       72      136
    low_level_init.o                    4
    printf.o                           36
    putchar.o                          16
    setlocale.o                        20       62      116
    sprintf.o                          56
    xencoding_sb.o                     80
    xfiles.o                                    34      144
    xgetmemchunk.o                     44                 4
    xmbcurmax.o                        10
    xmbtowc.o                          28
    xprintffull.o                   4 802       40
    xprout.o                           22
    xsprout.o                          10
    xtls.o                              2
    xwctomb.o                          24
    xxmemxfree.o                      136
    xxmemxmalloc.o                    184                 8
    -------------------------------------------------------
    Total:                          5 628      208      408

m6M_tl.a: [5]
    DblAddSub.o                       424
    DblCmpEq.o                         36
    DblCmpGe.o                         50
    DblCmpLe.o                         50
    DblDiv.o                          194
    DblMul.o                          388
    DblToI32.o                         82
    I32ToDbl.o                         52
    xdnorm.o                           68
    xdscale.o                         284
    -------------------------------------------------------
    Total:                          1 628

rt6M_tl.a: [6]
    ABImemcpy.o                        92
    ABImemset.o                        76
    I32DivModFast.o                   224
    I64DivMod.o                       106
    I64DivZer.o                         2
    IntDivZer.o                         2
    cexit.o                            10
    cmain.o                            26
    cstartup_M.o                       12
    data_init.o                        40
    memchr.o                           24
    packbits_init.o                   216
    strchr.o                           20
    strlen.o                           16
    zero_init3.o                       42
    -------------------------------------------------------
    Total:                            908

shb_l.a: [7]
    exit.o                             20
    -------------------------------------------------------
    Total:                             20

    Linker created                              44    1 536
-----------------------------------------------------------
    Grand Total:                   22 780      571    7 280


*******************************************************************************
*** ENTRY LIST
***

Entry                      Address   Size  Type      Object
-----                      -------   ----  ----      ------
?main                   0x08005959         Code  Gb  cmain.o [6]
AHBPrescTable           0x080058cc   0x10  Data  Gb  system_stm32f0xx.o [1]
APBPrescTable           0x080059e0    0x8  Data  Gb  system_stm32f0xx.o [1]
CSTACK$$Base            0x20001670          --   Gb  - Linker created -
CSTACK$$Limit           0x20001a70          --   Gb  - Linker created -
DMA1_Channel2_3_IRQHandler
                        0x080055e1    0xa  Code  Gb  stm32f0xx_it.o [1]
DMA_CalcBaseAndBitshift
                        0x0800355f   0x1a  Code  Lc  stm32f0xx_hal_dma.o [3]
DMA_SetConfig           0x0800353d   0x22  Code  Lc  stm32f0xx_hal_dma.o [3]
DMA_rcv_buffer          0x20001354   0x80  Data  Gb  usr_usart.o [1]
DMA_recv_end_flag       0x2000166d    0x1  Data  Gb  usr_usart.o [1]
DMA_rev_package_num     0x200014a8    0x1  Data  Gb  usr_uart_dma.o [1]
DMA_rx_len              0x2000166c    0x1  Data  Gb  usr_usart.o [1]
EXTI0_1_IRQHandler      0x08005543   0x22  Code  Gb  stm32f0xx_it.o [1]
EXTI4_15_IRQHandler     0x08005565   0x7c  Code  Gb  stm32f0xx_it.o [1]
HAL_DMA_Abort           0x08003405   0x2c  Code  Gb  stm32f0xx_hal_dma.o [3]
HAL_DMA_Abort_IT        0x08003431   0x48  Code  Gb  stm32f0xx_hal_dma.o [3]
HAL_DMA_IRQHandler      0x08003479   0xc4  Code  Gb  stm32f0xx_hal_dma.o [3]
HAL_DMA_Init            0x0800333d   0x54  Code  Gb  stm32f0xx_hal_dma.o [3]
HAL_DMA_Start_IT        0x08003395   0x70  Code  Gb  stm32f0xx_hal_dma.o [3]
HAL_Delay               0x080028eb   0x20  Code  Wk  stm32f0xx_hal.o [1]
HAL_GPIO_Init           0x080040ad  0x174  Code  Gb  stm32f0xx_hal_gpio.o [3]
HAL_GPIO_WritePin       0x08004221    0xc  Code  Gb  stm32f0xx_hal_gpio.o [3]
HAL_GetTick             0x080028e5    0x6  Code  Wk  stm32f0xx_hal.o [1]
HAL_IncTick             0x080028db    0xa  Code  Wk  stm32f0xx_hal.o [1]
HAL_Init                0x080028c1   0x1a  Code  Gb  stm32f0xx_hal.o [1]
HAL_InitTick            0x0800308d   0x64  Code  Gb  stm32f0xx_hal_timebase_TIM.o [1]
HAL_MspInit             0x08003105   0x40  Code  Gb  stm32f0xx_hal_msp.o [1]
HAL_NVIC_EnableIRQ      0x08003bc3    0xe  Code  Gb  stm32f0xx_hal_cortex.o [3]
HAL_NVIC_SetPriority    0x08003bbb    0x8  Code  Gb  stm32f0xx_hal_cortex.o [3]
HAL_PWR_EnterSTOPMode   0x08005145   0x30  Code  Gb  stm32f0xx_hal_pwr.o [3]
HAL_RCCEx_PeriphCLKConfig
                        0x0800492d   0xf4  Code  Gb  stm32f0xx_hal_rcc_ex.o [3]
HAL_RCC_ClockConfig     0x080038e9  0x126  Code  Gb  stm32f0xx_hal_rcc.o [3]
HAL_RCC_GetClockConfig  0x08003b15   0x2e  Code  Gb  stm32f0xx_hal_rcc.o [3]
HAL_RCC_GetHCLKFreq     0x08003a6b    0x6  Code  Gb  stm32f0xx_hal_rcc.o [3]
HAL_RCC_GetOscConfig    0x08003a89   0x86  Code  Gb  stm32f0xx_hal_rcc.o [3]
HAL_RCC_GetPCLK1Freq    0x08003a75   0x14  Code  Gb  stm32f0xx_hal_rcc.o [3]
HAL_RCC_GetSysClockFreq
                        0x08003a19   0x52  Code  Gb  stm32f0xx_hal_rcc.o [3]
HAL_RCC_OscConfig       0x08003585  0x35e  Code  Gb  stm32f0xx_hal_rcc.o [3]
HAL_RTC_Init            0x08004bf5   0xa6  Code  Gb  stm32f0xx_hal_rtc.o [3]
HAL_RTC_MspInit         0x080045b9   0x16  Code  Gb  rtc.o [1]
HAL_RTC_WaitForSynchro  0x08004ca5   0x30  Code  Gb  stm32f0xx_hal_rtc.o [3]
HAL_SPI_Init            0x08004d11   0xb4  Code  Gb  stm32f0xx_hal_spi.o [3]
HAL_SPI_MspInit         0x08004681   0x3e  Code  Gb  spi.o [1]
HAL_SYSTICK_CLKSourceConfig
                        0x08003bf9   0x18  Code  Gb  stm32f0xx_hal_cortex.o [3]
HAL_SYSTICK_Callback    0x08003c29    0x2  Code  Wk  stm32f0xx_hal_cortex.o [3]
HAL_SYSTICK_Config      0x08003bd1   0x28  Code  Gb  stm32f0xx_hal_cortex.o [3]
HAL_SYSTICK_IRQHandler  0x08003c21    0x8  Code  Gb  stm32f0xx_hal_cortex.o [3]
HAL_TIMEx_BreakCallback
                        0x08004247    0x2  Code  Wk  stm32f0xx_hal_tim_ex.o [3]
HAL_TIMEx_CommutationCallback
                        0x08004245    0x2  Code  Wk  stm32f0xx_hal_tim_ex.o [3]
HAL_TIM_Base_Init       0x08003c2d   0x1e  Code  Gb  stm32f0xx_hal_tim.o [3]
HAL_TIM_Base_MspInit    0x08003c4b    0x2  Code  Wk  stm32f0xx_hal_tim.o [3]
HAL_TIM_Base_Start_IT   0x08003c4d   0x14  Code  Gb  stm32f0xx_hal_tim.o [3]
HAL_TIM_IC_CaptureCallback
                        0x08003dcb    0x2  Code  Wk  stm32f0xx_hal_tim.o [3]
HAL_TIM_IRQHandler      0x08003c79  0x150  Code  Gb  stm32f0xx_hal_tim.o [3]
HAL_TIM_OC_DelayElapsedCallback
                        0x08003dc9    0x2  Code  Wk  stm32f0xx_hal_tim.o [3]
HAL_TIM_PWM_PulseFinishedCallback
                        0x08003dcd    0x2  Code  Wk  stm32f0xx_hal_tim.o [3]
HAL_TIM_PeriodElapsedCallback
                        0x08003f31   0x12  Code  Gb  main.o [1]
HAL_TIM_TriggerCallback
                        0x08003dcf    0x2  Code  Wk  stm32f0xx_hal_tim.o [3]
HAL_UARTEx_WakeupCallback
                        0x08003581    0x2  Code  Wk  stm32f0xx_hal_uart_ex.o [3]
HAL_UART_DMAStop        0x08002a1b   0x58  Code  Gb  stm32f0xx_hal_uart.o [3]
HAL_UART_ErrorCallback  0x08002bb7    0x2  Code  Wk  stm32f0xx_hal_uart.o [3]
HAL_UART_IRQHandler     0x08002a81  0x12e  Code  Gb  stm32f0xx_hal_uart.o [3]
HAL_UART_Init           0x08002915   0x58  Code  Gb  stm32f0xx_hal_uart.o [3]
HAL_UART_MspInit        0x08003221   0x82  Code  Gb  usart.o [1]
HAL_UART_Receive_DMA    0x08002985   0x96  Code  Gb  stm32f0xx_hal_uart.o [3]
HAL_UART_RxCpltCallback
                        0x08002bb3    0x2  Code  Wk  stm32f0xx_hal_uart.o [3]
HAL_UART_RxHalfCpltCallback
                        0x08002bb5    0x2  Code  Wk  stm32f0xx_hal_uart.o [3]
HAL_UART_TxCpltCallback
                        0x08002bb1    0x2  Code  Wk  stm32f0xx_hal_uart.o [3]
HEAP$$Base              0x20001a70          --   Gb  - Linker created -
HEAP$$Limit             0x20001c70          --   Gb  - Linker created -
HardFault_Handler       0x08005535    0x2  Code  Gb  stm32f0xx_it.o [1]
InStream_Read           0x080056dd   0x22  Code  Lc  packbits_init.o [6]
LL_AHB1_GRP1_EnableClock
                        0x08004289   0x16  Code  Lc  gpio.o [1]
LL_EXTI_DisableEvent_0_31
                        0x08004b43    0x2  Code  Lc  stm32f0xx_ll_exti.o [3]
LL_EXTI_DisableIT_0_31  0x08004b35    0x4  Code  Lc  stm32f0xx_ll_exti.o [3]
LL_EXTI_EnableEvent_0_31
                        0x08004b39    0x2  Code  Lc  stm32f0xx_ll_exti.o [3]
LL_EXTI_EnableFallingTrig_0_31
                        0x08004b51    0x4  Code  Lc  stm32f0xx_ll_exti.o [3]
LL_EXTI_EnableIT_0_31   0x08004b31    0x4  Code  Lc  stm32f0xx_ll_exti.o [3]
LL_EXTI_EnableRisingTrig_0_31
                        0x08004b4d    0x4  Code  Lc  stm32f0xx_ll_exti.o [3]
LL_EXTI_Init            0x08004b55   0x90  Code  Gb  stm32f0xx_ll_exti.o [3]
LL_EXTI_IsActiveFlag_0_31
                        0x08005521   0x12  Code  Lc  stm32f0xx_it.o [1]
LL_GPIO_Init            0x08003f55   0xa2  Code  Gb  stm32f0xx_ll_gpio.o [3]
LL_GPIO_ResetOutputPin  0x080042e7    0x4  Code  Lc  gpio.o [1]
LL_GPIO_SetPinMode      0x080042bb   0x16  Code  Lc  gpio.o [1]
LL_GPIO_SetPinPull      0x080042d1   0x16  Code  Lc  gpio.o [1]
LL_GPIO_TogglePin       0x08004735    0x8  Code  Lc  MK_A9.o [1]
LL_RCC_GetSystemClocksFreq
                        0x08004a47   0x18  Code  Gb  stm32f0xx_ll_rcc.o [3]
LL_RCC_GetUSARTClockFreq
                        0x08004a5f   0x50  Code  Gb  stm32f0xx_ll_rcc.o [3]
LL_RCC_HSI_IsReady      0x08004a39    0x4  Code  Lc  stm32f0xx_ll_rcc.o [3]
LL_RCC_LSE_IsReady      0x08004a3d    0x2  Code  Lc  stm32f0xx_ll_rcc.o [3]
LL_SYSCFG_SetEXTISource
                        0x0800429f   0x1c  Code  Lc  gpio.o [1]
LL_USART_Init           0x08003ff9   0x9a  Code  Gb  stm32f0xx_ll_usart.o [3]
LL_USART_ReceiveData8   0x08005621    0x6  Code  Lc  usr_usart.o [1]
LoadInt                 0x0800071d   0x68  Code  Lc  xprintffull.o [4]
MX_DMA_Init             0x08004561   0x2c  Code  Gb  dma.o [1]
MX_GPIO_Init            0x080042eb  0x242  Code  Gb  gpio.o [1]
MX_RTC_Init             0x0800458d   0x2c  Code  Gb  rtc.o [1]
MX_SPI1_Init            0x08004641   0x40  Code  Gb  spi.o [1]
MX_USART1_UART_Init     0x08003145   0x34  Code  Gb  usart.o [1]
MX_USART2_UART_Init     0x08003179   0xa8  Code  Gb  usart.o [1]
NMI_Handler             0x08005533    0x2  Code  Gb  stm32f0xx_it.o [1]
NVIC_EnableIRQ          0x08004249    0xe  Code  Lc  gpio.o [1]
NVIC_SetPriority        0x08004257   0x32  Code  Lc  gpio.o [1]
NVIC_SetPriority        0x08003b89   0x32  Code  Lc  stm32f0xx_hal_cortex.o [3]
PendSV_Handler          0x08005539    0x2  Code  Gb  stm32f0xx_it.o [1]
RCC_GetHCLKClockFreq    0x08004ac7   0x10  Code  Gb  stm32f0xx_ll_rcc.o [3]
RCC_GetPCLK1ClockFreq   0x08004ad7   0x10  Code  Gb  stm32f0xx_ll_rcc.o [3]
RCC_GetSystemClockFreq  0x08004aaf   0x18  Code  Gb  stm32f0xx_ll_rcc.o [3]
RCC_PLL_GetFreqDomain_SYS
                        0x08004ae7   0x28  Code  Gb  stm32f0xx_ll_rcc.o [3]
RTC_EnterInitMode       0x08004cd5   0x36  Code  Gb  stm32f0xx_hal_rtc.o [3]
Region$$Table$$Base     0x0800592c          --   Gb  - Linker created -
Region$$Table$$Limit    0x08005958          --   Gb  - Linker created -
SVC_Handler             0x08005537    0x2  Code  Gb  stm32f0xx_it.o [1]
StopMode_Measure        0x080047c1   0xd4  Code  Gb  stm32f0xx_lp_modes.o [1]
SysTick_Handler         0x0800553b    0x8  Code  Gb  stm32f0xx_it.o [1]
SystemClock_Config      0x08003eaf   0x82  Code  Gb  main.o [1]
SystemCoreClock         0x2000023c    0x4  Data  Gb  system_stm32f0xx.o [1]
SystemInit              0x0800586d   0x48  Code  Gb  system_stm32f0xx.o [1]
TIM6_DAC_IRQHandler     0x080055eb    0xa  Code  Gb  stm32f0xx_it.o [1]
TIM_Base_SetConfig      0x08003dd1   0x7e  Code  Gb  stm32f0xx_hal_tim.o [3]
UART_AdvFeatureConfig   0x08002cd1   0xc8  Code  Gb  stm32f0xx_hal_uart.o [3]
UART_CheckIdleState     0x08002d9d   0x64  Code  Gb  stm32f0xx_hal_uart.o [3]
UART_DMAAbortOnError    0x08002f71   0x14  Code  Lc  stm32f0xx_hal_uart.o [3]
UART_DMAError           0x08002f27   0x4a  Code  Lc  stm32f0xx_hal_uart.o [3]
UART_DMAReceiveCplt     0x08002ead   0x3c  Code  Lc  stm32f0xx_hal_uart.o [3]
UART_DMARxHalfCplt      0x08002f1d    0xa  Code  Lc  stm32f0xx_hal_uart.o [3]
UART_EndRxTransfer      0x08002e87   0x1c  Code  Lc  stm32f0xx_hal_uart.o [3]
UART_EndTransmit_IT     0x08002fed   0x1a  Code  Gb  stm32f0xx_hal_uart.o [3]
UART_EndTxTransfer      0x08002e75   0x12  Code  Lc  stm32f0xx_hal_uart.o [3]
UART_Receive_IT         0x08003007   0x76  Code  Gb  stm32f0xx_hal_uart.o [3]
UART_SetConfig          0x08002bb9  0x112  Code  Gb  stm32f0xx_hal_uart.o [3]
UART_Transmit_IT        0x08002f85   0x68  Code  Gb  stm32f0xx_hal_uart.o [3]
UART_WaitOnFlagUntilTimeout
                        0x08002e05   0x64  Code  Gb  stm32f0xx_hal_uart.o [3]
USART1_IRQHandler       0x080055f5    0xe  Code  Gb  stm32f0xx_it.o [1]
USART2_IRQHandler       0x08005619    0x8  Code  Gb  stm32f0xx_it.o [1]
USART2_RX_BUF           0x200011e4   0xc8  Data  Gb  usr_usart.o [1]
USART2_RX_STA           0x200012ac    0x2  Data  Gb  usr_usart.o [1]
Uart_Receive_DMA        0x080027f5   0x5c  Code  Gb  usr_uart_dma.o [1]
UserButtonStatus        0x20001660    0x4  Data  Gb  main.o [1]
_EncodingSb_Mbtowc      0x08001dfd   0x2c  Code  Gb  xencoding_sb.o [4]
_EncodingSb_Wctomb      0x08001de9   0x14  Code  Gb  xencoding_sb.o [4]
_Error_Handler          0x08003f51    0x2  Code  Gb  main.o [1]
_GenldFull              0x08001075  0x2d6  Code  Lc  xprintffull.o [4]
_IsdstStr               0x20000144    0x4  Data  Gb  setlocale.o [4]
_LdtobFull              0x08000bed  0x474  Code  Lc  xprintffull.o [4]
_LitobFull              0x08000ab9  0x12e  Code  Lc  xprintffull.o [4]
_LocaleEncoding         0x08001dd5    0xc  Code  Gb  setlocale.o [4]
_LocaleReturnString     0x20000164   0x50  Data  Lc  setlocale.o [4]
_Locale_Profile         0x20000148   0x1c  Data  Gb  setlocale.o [4]
_Locale_aeabi_lconv     0x20000108   0x38  Data  Gb  localeconv.o [4]
_Locale_lconv           0x200000b8   0x50  Data  Gb  localeconv.o [4]
_Mbtowc                 0x0800137f   0x1c  Code  Gb  xmbtowc.o [4]
_PrintfFull             0x080000bd  0x660  Code  Gb  xprintffull.o [4]
_Prout                  0x0800598b   0x16  Code  Gb  xprout.o [4]
_PutcharsFull           0x0800134f   0x30  Code  Lc  xprintffull.o [4]
_PutstrFull             0x08000785  0x334  Code  Lc  xprintffull.o [4]
_SProut                 0x0800183f    0xa  Code  Gb  xsprout.o [4]
_TzoneStr               0x20000140    0x4  Data  Gb  setlocale.o [4]
_Wctomb                 0x08001499   0x18  Code  Gb  xwctomb.o [4]
__ICFEDIT_region_RAM_end__ {Abs}
                        0x20001fff          --   Gb  command line/config [2]
__ICFEDIT_region_RAM_start__ {Abs}
                        0x20000000          --   Gb  command line/config [2]
__aeabi_cdcmpeq         0x080054fd         Code  Gb  DblCmpEq.o [5]
__aeabi_cdcmple         0x08001643         Code  Gb  DblCmpLe.o [5]
__aeabi_cdrcmple        0x08001675         Code  Gb  DblCmpGe.o [5]
__aeabi_d2iz            0x080017ed         Code  Gb  DblToI32.o [5]
__aeabi_d2uiz           0x08001811         Code  Gb  DblToI32.o [5]
__aeabi_ddiv            0x08001c89         Code  Gb  DblDiv.o [5]
__aeabi_dmul            0x08001b05         Code  Gb  DblMul.o [5]
__aeabi_dsub            0x08001937         Code  Gb  DblAddSub.o [5]
__aeabi_i2d             0x08001849         Code  Gb  I32ToDbl.o [5]
__aeabi_idiv            0x08001a51         Code  Gb  I32DivModFast.o [6]
__aeabi_idiv0           0x08001e69         Code  Gb  IntDivZer.o [6]
__aeabi_idivmod         0x08001a51         Code  Gb  I32DivModFast.o [6]
__aeabi_ldiv0           0x08001e65         Code  Gb  I64DivZer.o [6]
__aeabi_memclr          0x080028b9         Code  Gb  ABImemset.o [6]
__aeabi_memclr4         0x080028bd         Code  Gb  ABImemset.o [6]
__aeabi_memclr8         0x080028bd         Code  Gb  ABImemset.o [6]
__aeabi_memcpy          0x080014b1         Code  Gb  ABImemcpy.o [6]
__aeabi_memcpy4         0x080014d9         Code  Wk  ABImemcpy.o [6]
__aeabi_ui2d            0x0800185d         Code  Gb  I32ToDbl.o [5]
__aeabi_uidiv           0x08001a57         Code  Gb  I32DivModFast.o [6]
__aeabi_uidivmod        0x08001a57         Code  Gb  I32DivModFast.o [6]
__aeabi_uldivmod        0x08001595         Code  Gb  I64DivMod.o [6]
__cmain                 0x08005959         Code  Gb  cmain.o [6]
__data_Aldata           0x20001658    0x8  Data  Gb  xxmemxmalloc.o [4]
__data_GetMemChunk      0x08001e39   0x2c  Code  Gb  xgetmemchunk.o [4]
__exit                  0x080057c1   0x14  Code  Gb  exit.o [7]
__iar_Dnorm             0x080015ff   0x44  Code  Gb  xdnorm.o [5]
__iar_Dscale            0x080016d1  0x11c  Code  Gb  xdscale.o [5]
__iar_Locale_lconv_init
                        0x08001d4d   0x32  Code  Gb  localeconv.o [4]
__iar_Mbcurmax          0x080013d7    0xa  Code  Gb  xmbcurmax.o [4]
__iar_Memchr            0x080013bf   0x18  Code  Gb  memchr.o [6]
__iar_Memset4_word      0x08002889         Code  Gb  ABImemset.o [6]
__iar_Memset_word       0x08002875         Code  Gb  ABImemset.o [6]
__iar_Stdout            0x200001fc   0x40  Data  Gb  xfiles.o [4]
__iar_Strchr            0x0800139b   0x14  Code  Gb  strchr.o [6]
__iar_d2uiz             0x08001815         Code  Gb  DblToI32.o [5]
__iar_data_init3        0x08005905   0x28  Code  Gb  data_init.o [6]
__iar_dlib_perthread_access
                        0x08001e6b    0x2  Code  Gb  xtls.o [4]
__iar_packbits_init3    0x080056ff   0xb6  Code  Gb  packbits_init.o [6]
__iar_program_start     0x080059d5         Code  Gb  cstartup_M.o [6]
__iar_ui2d              0x08001861         Code  Gb  I32ToDbl.o [5]
__iar_zero_init3        0x080016a7   0x2a  Code  Gb  zero_init3.o [6]
__low_level_init        0x08005973    0x4  Code  Gb  low_level_init.o [4]
__vector_table          0x08000000         Data  Gb  startup_stm32f051x8.o [1]
_call_main              0x08005965         Code  Gb  cmain.o [6]
_exit                   0x08005981         Code  Gb  cexit.o [6]
_main                   0x0800596f         Code  Gb  cmain.o [6]
aRxBuffer               0x2000166f    0x1  Data  Gb  usr_usart.o [1]
abort                   0x080057b5    0xa  Code  Gb  abort.o [4]
aperture_data_print     0x08001e6d   0x44  Code  Gb  communication_code.o [1]
aperture_info_d         0x20000000   0xb8  Data  Lc  communication_code.o [1]
clear_communication_data_buf
                        0x08002791    0xe  Code  Gb  usr_uart_dma.o [1]
clear_communication_data_index
                        0x080027ed    0x8  Code  Gb  usr_uart_dma.o [1]
cmd_a_fun               0x08004dd9   0x18  Code  Gb  protocol.o [1]
cmd_b_fun               0x08004df1   0x1a  Code  Gb  protocol.o [1]
cmd_c_fun               0x08004e0d   0x32  Code  Gb  protocol.o [1]
cmd_d_fun               0x08004e41   0x3a  Code  Gb  protocol.o [1]
cmd_e_fun               0x08004e7d   0x20  Code  Gb  protocol.o [1]
cmd_f_fun               0x08004e9d   0x44  Code  Gb  protocol.o [1]
cmd_h_fun               0x08004ee9   0x3a  Code  Gb  protocol.o [1]
cmd_help_fun            0x08004f35   0x4e  Code  Gb  protocol.o [1]
cmd_i_fun               0x08004f23    0x4  Code  Gb  protocol.o [1]
cmd_proc                0x200001b4   0x48  Data  Lc  protocol.o [1]
cmd_type                0x20001644    0x1  Data  Gb  Gcode.o [1]
communication_code_execute_line
                        0x0800213d   0xc6  Code  Gb  communication_code.o [1]
communication_data_buf  0x20000240  0xfa0  Data  Lc  usr_uart_dma.o [1]
communication_data_index
                        0x200014ac    0x4  Data  Lc  usr_uart_dma.o [1]
div                     0x08001db5   0x20  Code  Gb  div.o [4]
error_print             0x08002205   0x38  Code  Gb  communication_code.o [1]
exit                    0x08005977    0x8  Code  Gb  exit.o [4]
fputc                   0x08005627    0xe  Code  Gb  usr_usart.o [1]
free                    0x0800150d   0x82  Code  Gb  xxmemxfree.o [4]
gc_execute_line         0x0800517d  0x12e  Code  Gb  Gcode.o [1]
get_aperture_data       0x08001f25   0x28  Code  Gb  communication_code.o [1]
get_camera_state        0x08001ed5   0x3e  Code  Gb  communication_code.o [1]
get_communication_data_buf
                        0x08002785    0x6  Code  Gb  usr_uart_dma.o [1]
get_communication_data_buf_address
                        0x0800278b    0x6  Code  Gb  usr_uart_dma.o [1]
get_data_flg            0x2000166e    0x1  Data  Gb  protocol.o [1]
get_package_index       0x080027b7   0x1a  Code  Gb  usr_uart_dma.o [1]
get_print_column_data_index
                        0x0800235b   0x14  Code  Gb  communication_code.o [1]
get_print_format        0x08002329   0x18  Code  Gb  communication_code.o [1]
hdma_usart1_rx          0x200015a0   0x44  Data  Gb  usart.o [1]
hrtc                    0x20001624   0x20  Data  Gb  rtc.o [1]
hspi1                   0x20001444   0x64  Data  Gb  spi.o [1]
htim6                   0x200015e4   0x40  Data  Gb  stm32f0xx_hal_timebase_TIM.o [1]
huart1                  0x200013d4   0x70  Data  Gb  usart.o [1]
init_print              0x080022ed   0x1e  Code  Gb  communication_code.o [1]
localeconv              0x08001d7f   0x18  Code  Gb  localeconv.o [4]
main                    0x08003e6d   0x42  Code  Gb  main.o [1]
malloc                  0x080013e1   0xb2  Code  Gb  xxmemxmalloc.o [4]
obuf                    0x20001550   0x50  Data  Lc  xfiles.o [4]
package_index_head      0x200014b0   0x50  Data  Gb  usr_uart_dma.o [1]
package_index_tail      0x20001500   0x50  Data  Gb  usr_uart_dma.o [1]
parameter_int           0x20001648    0x8  Data  Gb  Gcode.o [1]
print_30_cmd_comment    0x080022a1   0x40  Code  Gb  communication_code.o [1]
print_column_data       0x08002375  0x1cc  Code  Gb  communication_code.o [1]
print_communication_parse
                        0x080025d1   0x90  Code  Gb  communication_code.o [1]
print_data              0x200012b0   0xa4  Data  Gb  communication_code.o [1]
print_pare              0x20001650    0x8  Data  Gb  communication_code.o [1]
print_text              0x08004dd1    0x8  Code  Gb  protocol.o [1]
printf                  0x08002729   0x24  Code  Gb  printf.o [4]
protocol_execute_line   0x08004f85   0x36  Code  Gb  protocol.o [1]
protocol_process        0x08004fbd   0x50  Code  Gb  protocol.o [1]
putchar                 0x080059a1   0x10  Code  Gb  putchar.o [4]
read_float              0x080052ab   0xe4  Code  Gb  Gcode.o [1]
set_communication_data  0x080027d1   0x1c  Code  Gb  usr_uart_dma.o [1]
set_package_index       0x0800279f   0x18  Code  Gb  usr_uart_dma.o [1]
set_print_column_data_index
                        0x08002341   0x1a  Code  Gb  communication_code.o [1]
set_print_format        0x0800230b   0x18  Code  Gb  communication_code.o [1]
spi_init                0x08004dcd    0x2  Code  Gb  gpio_spi.o [1]
sprintf                 0x0800274d   0x38  Code  Gb  sprintf.o [4]
strlen                  0x080013af   0x10  Code  Gb  strlen.o [6]
time_count              0x200012ae    0x2  Data  Gb  main.o [1]
type_A_parse            0x08001f55   0x6a  Code  Gb  communication_code.o [1]
type_E_parse            0x08001fe1   0x9e  Code  Gb  communication_code.o [1]
type_F_parse            0x08002095   0x6a  Code  Gb  communication_code.o [1]
uart1_irq_handler       0x08005697   0x2a  Code  Gb  usr_usart.o [1]
uart2_irq_handler       0x08005635   0x62  Code  Gb  usr_usart.o [1]
usart2_rev_flg          0x200011e0    0x1  Data  Gb  usr_usart.o [1]
usr_init                0x0800473d   0x38  Code  Gb  MK_A9.o [1]
usr_loop                0x08004775   0x1c  Code  Gb  MK_A9.o [1]
uwTick                  0x20001664    0x4  Data  Gb  stm32f0xx_hal.o [1]


[1] = F:\hm\项目\8517_SONY\code\8517串口抓码 stm32f051\app\EWARM\MK_A9_FreeRtos\Obj
[2] = command line
[3] = HAL_Lib.a
[4] = dl6M_tlf.a
[5] = m6M_tl.a
[6] = rt6M_tl.a
[7] = shb_l.a

  22 780 bytes of readonly  code memory
     571 bytes of readonly  data memory
   7 280 bytes of readwrite data memory

Errors: none
Warnings: none
